app/page.tsx(22,11): error TS2322: Type '{ id: string; name: string; image: string; slug: string; categories: string; createdAt: Date; }[]' is not assignable to type 'Game[]'.
  Type '{ id: string; name: string; image: string; slug: string; categories: string; createdAt: Date; }' is not assignable to type 'Game'.
    Types of property 'categories' are incompatible.
      Type 'string' is not assignable to type 'CategoryType[]'.
app/page.tsx(30,11): error TS2322: Type '{ id: string; name: string; image: string; slug: string; categories: string; createdAt: Date; }[]' is not assignable to type 'Game[]'.
  Type '{ id: string; name: string; image: string; slug: string; categories: string; createdAt: Date; }' is not assignable to type 'Game'.
    Types of property 'categories' are incompatible.
      Type 'string' is not assignable to type 'CategoryType[]'.
components/home/EditorialHero.tsx(38,37): error TS2322: Type '{ hidden: { opacity: number; y: number; }; visible: { opacity: number; y: number; transition: { type: string; stiffness: number; damping: number; }; }; }' is not assignable to type 'Variants'.
  Property 'visible' is incompatible with index signature.
    Type '{ opacity: number; y: number; transition: { type: string; stiffness: number; damping: number; }; }' is not assignable to type 'Variant'.
      Type '{ opacity: number; y: number; transition: { type: string; stiffness: number; damping: number; }; }' is not assignable to type 'TargetAndTransition'.
        Type '{ opacity: number; y: number; transition: { type: string; stiffness: number; damping: number; }; }' is not assignable to type '{ transition?: Transition<any> | undefined; transitionEnd?: ResolvedValues$1 | undefined; }'.
          Types of property 'transition' are incompatible.
            Type '{ type: string; stiffness: number; damping: number; }' is not assignable to type 'Transition<any> | undefined'.
              Type '{ type: string; stiffness: number; damping: number; }' is not assignable to type 'TransitionWithValueOverrides<any>'.
                Type '{ type: string; stiffness: number; damping: number; }' is not assignable to type 'ValueAnimationTransition<any>'.
                  Types of property 'type' are incompatible.
                    Type 'string' is not assignable to type 'AnimationGeneratorType | undefined'.
components/home/EditorialHero.tsx(39,35): error TS2322: Type '{ hidden: { opacity: number; y: number; }; visible: { opacity: number; y: number; transition: { type: string; stiffness: number; damping: number; }; }; }' is not assignable to type 'Variants'.
  Property 'visible' is incompatible with index signature.
    Type '{ opacity: number; y: number; transition: { type: string; stiffness: number; damping: number; }; }' is not assignable to type 'Variant'.
      Type '{ opacity: number; y: number; transition: { type: string; stiffness: number; damping: number; }; }' is not assignable to type 'TargetAndTransition'.
        Type '{ opacity: number; y: number; transition: { type: string; stiffness: number; damping: number; }; }' is not assignable to type '{ transition?: Transition<any> | undefined; transitionEnd?: ResolvedValues$1 | undefined; }'.
          Types of property 'transition' are incompatible.
            Type '{ type: string; stiffness: number; damping: number; }' is not assignable to type 'Transition<any> | undefined'.
              Type '{ type: string; stiffness: number; damping: number; }' is not assignable to type 'TransitionWithValueOverrides<any>'.
                Type '{ type: string; stiffness: number; damping: number; }' is not assignable to type 'ValueAnimationTransition<any>'.
                  Types of property 'type' are incompatible.
                    Type 'string' is not assignable to type 'AnimationGeneratorType | undefined'.
components/home/EditorialHero.tsx(44,32): error TS2322: Type '{ hidden: { opacity: number; y: number; }; visible: { opacity: number; y: number; transition: { type: string; stiffness: number; damping: number; }; }; }' is not assignable to type 'Variants'.
  Property 'visible' is incompatible with index signature.
    Type '{ opacity: number; y: number; transition: { type: string; stiffness: number; damping: number; }; }' is not assignable to type 'Variant'.
      Type '{ opacity: number; y: number; transition: { type: string; stiffness: number; damping: number; }; }' is not assignable to type 'TargetAndTransition'.
        Type '{ opacity: number; y: number; transition: { type: string; stiffness: number; damping: number; }; }' is not assignable to type '{ transition?: Transition<any> | undefined; transitionEnd?: ResolvedValues$1 | undefined; }'.
          Types of property 'transition' are incompatible.
            Type '{ type: string; stiffness: number; damping: number; }' is not assignable to type 'Transition<any> | undefined'.
              Type '{ type: string; stiffness: number; damping: number; }' is not assignable to type 'TransitionWithValueOverrides<any>'.
                Type '{ type: string; stiffness: number; damping: number; }' is not assignable to type 'ValueAnimationTransition<any>'.
                  Types of property 'type' are incompatible.
                    Type 'string' is not assignable to type 'AnimationGeneratorType | undefined'.
components/home/EditorialHero.tsx(51,31): error TS2322: Type '{ hidden: { opacity: number; y: number; }; visible: { opacity: number; y: number; transition: { type: string; stiffness: number; damping: number; }; }; }' is not assignable to type 'Variants'.
  Property 'visible' is incompatible with index signature.
    Type '{ opacity: number; y: number; transition: { type: string; stiffness: number; damping: number; }; }' is not assignable to type 'Variant'.
      Type '{ opacity: number; y: number; transition: { type: string; stiffness: number; damping: number; }; }' is not assignable to type 'TargetAndTransition'.
        Type '{ opacity: number; y: number; transition: { type: string; stiffness: number; damping: number; }; }' is not assignable to type '{ transition?: Transition<any> | undefined; transitionEnd?: ResolvedValues$1 | undefined; }'.
          Types of property 'transition' are incompatible.
            Type '{ type: string; stiffness: number; damping: number; }' is not assignable to type 'Transition<any> | undefined'.
              Type '{ type: string; stiffness: number; damping: number; }' is not assignable to type 'TransitionWithValueOverrides<any>'.
                Type '{ type: string; stiffness: number; damping: number; }' is not assignable to type 'ValueAnimationTransition<any>'.
                  Types of property 'type' are incompatible.
                    Type 'string' is not assignable to type 'AnimationGeneratorType | undefined'.
components/home/EditorialHero.tsx(55,33): error TS2322: Type '{ hidden: { opacity: number; y: number; }; visible: { opacity: number; y: number; transition: { type: string; stiffness: number; damping: number; }; }; }' is not assignable to type 'Variants'.
  Property 'visible' is incompatible with index signature.
    Type '{ opacity: number; y: number; transition: { type: string; stiffness: number; damping: number; }; }' is not assignable to type 'Variant'.
      Type '{ opacity: number; y: number; transition: { type: string; stiffness: number; damping: number; }; }' is not assignable to type 'TargetAndTransition'.
        Type '{ opacity: number; y: number; transition: { type: string; stiffness: number; damping: number; }; }' is not assignable to type '{ transition?: Transition<any> | undefined; transitionEnd?: ResolvedValues$1 | undefined; }'.
          Types of property 'transition' are incompatible.
            Type '{ type: string; stiffness: number; damping: number; }' is not assignable to type 'Transition<any> | undefined'.
              Type '{ type: string; stiffness: number; damping: number; }' is not assignable to type 'TransitionWithValueOverrides<any>'.
                Type '{ type: string; stiffness: number; damping: number; }' is not assignable to type 'ValueAnimationTransition<any>'.
                  Types of property 'type' are incompatible.
                    Type 'string' is not assignable to type 'AnimationGeneratorType | undefined'.
